[#{[97mUsage: test._show-usage.test14.txt [--foo param][m[#}

[3C--foo param  Help text for `--foo`
