[#{[97mUsage: test._show-usage.test6.txt [--foo/-f][m[#}

[6C--foo/-f  Help text for `--foo`
