[#{[91mtest._parse-parameters: error: flag `-j` is not allowed to coalesce in `-abjc` [m[#} 
