[#{[97mUsage: test._show-usage.test4.txt [--foo/-f] [--bar/-b] [--baz] [--abc][m[#}
