[#{[97mUsage: test._show-usage.test5.txt [--foo][m[#}

[9C--foo  Help text for `--foo`
