[#{[97mUsage: test._show-usage.test9.txt arg1[m[#}
