[#{[91merror: positional `:_pos3` out of sequence order[m[#} 
