[#{[91mtest._parse-parameters: error: unrecognized switch `--fail` [m[#}
