[#{[97mUsage: test._show-usage.test1.txt[m[#}
