[#{[97mUsage: test._show-usage.test10.txt posname[m[#}
