[#{[97mUsage: test._show-usage.test11.txt arg1 arg2 arg3[m[#}
