[#{[91mtest._parse-parameters: error: unrecognized switch `--bad-switch` [m[#}
