[#{[91mtest._parse-parameters: error: unrecognized flag `-p` [m[#} 
