[#{[91mtest._parse-parameters: error: unrecognized positional argument `www` [m[#}
