[#{[97mUsage: test._show-usage.test2.txt [--foo][m[#}
