[#{[97mUsage: test._show-usage.test3.txt [--foo/-f][m[#}
