[#{[97mUsage: test._show-usage.test13.txt [--foo param][m[#}
